// Jest Snapshot v1, https://goo.gl/fbAQLP

exports[`getPipelineStages() should return all envs for SIMPLE_CONFIG1 1`] = `
[
  "setup",
  "setup dev",
  "setup review",
  "setup stage",
  "setup prod",
  "setup dev2",
  "setup review2",
  "setup stage2",
  "setup prod2",
  "test",
  "test dev",
  "test review",
  "test stage",
  "test prod",
  "test dev2",
  "test review2",
  "test stage2",
  "test prod2",
  "build",
  "build dev",
  "build review",
  "build stage",
  "build prod",
  "build dev2",
  "build review2",
  "build stage2",
  "build prod2",
  "deploy",
  "deploy dev",
  "deploy review",
  "deploy stage",
  "deploy prod",
  "deploy dev2",
  "deploy review2",
  "deploy stage2",
  "deploy prod2",
  "verify",
  "verify dev",
  "verify review",
  "verify stage",
  "verify prod",
  "verify dev2",
  "verify review2",
  "verify stage2",
  "verify prod2",
  "rollback",
  "rollback dev",
  "rollback review",
  "rollback stage",
  "rollback prod",
  "rollback dev2",
  "rollback review2",
  "rollback stage2",
  "rollback prod2",
  "stop",
  "stop dev",
  "stop review",
  "stop stage",
  "stop prod",
  "stop dev2",
  "stop review2",
  "stop stage2",
  "stop prod2",
]
`;
